Cleaning .trustblock folder...

Cleaned .trustblock folder
