Cleaning .trustblock folder...

No .trustblock folder found
