WALLET_KEY=some_private_key
AUTH_TOKEN=some_auth_token