Generating .trustblock folder...

Created .env file at "/Users/timguv/.trustblock/.env"
