Publishing an audit

(?:\[\+\] Uploading .+\. Finished %\d+
)+\[\+\] Uploading is done

Audit published successfully to DB!

Audit published successfully
