Publishing an audit
(?:\[\+\] Uploading .+\. Finished %\d+
)+\[\+\] Uploading is done

Audit already published to DB!

Audit published successfully
