Publishing an audit
Project not found, creating new project\.{3}

(?:\[\+\] Uploading .+\. Finished %\d+
)+\[\+\] Uploading is done

Audit published successfully to DB!

Audit published successfully
